scale dataset         model       readout     cIoU      AUC    n  stored_cIoU  stored_AUC  replay_cIoU_error  replay_AUC_error  Delta_OGL  Delta_OGL_AUC
  10k   vggss      baseline           AUD 0.411206 0.414056 5158     0.411206    0.414056                0.0          0.000000  -0.041489      -0.021006
  10k   vggss      baseline     IMG_QUERY 0.406359 0.409354 5158     0.406359    0.409354                0.0          0.000000        NaN            NaN
  10k   vggss      baseline           IQR 0.413145 0.413445 5158     0.413145    0.413445                0.0          0.000000        NaN            NaN
  10k   vggss      baseline     OBJ_PRIOR 0.347809 0.392420 5158     0.347809    0.392420                0.0          0.000000        NaN            NaN
  10k   vggss      baseline           OGL 0.452695 0.435062 5158     0.452695    0.435062                0.0          0.000000        NaN            NaN
  10k   vggss      baseline EXTRA_IQR_OGL 0.437767 0.426134 5158     0.437767    0.426134                0.0          0.000000        NaN            NaN
  10k   vggss          mean           AUD 0.425940 0.420890 5158          NaN         NaN                NaN               NaN  -0.033734      -0.016537
  10k   vggss          mean     IMG_QUERY 0.414502 0.414405 5158          NaN         NaN                NaN               NaN        NaN            NaN
  10k   vggss          mean           IQR 0.425165 0.419562 5158          NaN         NaN                NaN               NaN        NaN            NaN
  10k   vggss          mean     OBJ_PRIOR 0.347809 0.392420 5158          NaN         NaN                NaN               NaN        NaN            NaN
  10k   vggss          mean           OGL 0.459674 0.437427 5158          NaN         NaN                NaN               NaN        NaN            NaN
  10k   vggss          mean EXTRA_IQR_OGL 0.448430 0.430651 5158          NaN         NaN                NaN               NaN        NaN            NaN
  10k   vggss  hard_default           AUD 0.416247 0.418185 5158          NaN         NaN                NaN               NaN  -0.042652      -0.018273
  10k   vggss  hard_default     IMG_QUERY 0.414308 0.412796 5158          NaN         NaN                NaN               NaN        NaN            NaN
  10k   vggss  hard_default           IQR 0.419930 0.418244 5158          NaN         NaN                NaN               NaN        NaN            NaN
  10k   vggss  hard_default     OBJ_PRIOR 0.347809 0.392420 5158          NaN         NaN                NaN               NaN        NaN            NaN
  10k   vggss  hard_default           OGL 0.458899 0.436458 5158          NaN         NaN                NaN               NaN        NaN            NaN
  10k   vggss  hard_default EXTRA_IQR_OGL 0.442807 0.428916 5158          NaN         NaN                NaN               NaN        NaN            NaN
  10k  flickr      baseline           AUD 0.804000 0.616400  250     0.804000    0.616400                0.0          0.000000  -0.048000      -0.017600
  10k  flickr      baseline     IMG_QUERY 0.752000 0.589000  250     0.752000    0.589000                0.0          0.000000        NaN            NaN
  10k  flickr      baseline           IQR 0.784000 0.607400  250     0.784000    0.607400                0.0          0.000000        NaN            NaN
  10k  flickr      baseline     OBJ_PRIOR 0.448000 0.466800  250     0.448000    0.466800                0.0          0.000000        NaN            NaN
  10k  flickr      baseline           OGL 0.852000 0.634000  250     0.852000    0.634000                0.0          0.000000        NaN            NaN
  10k  flickr      baseline EXTRA_IQR_OGL 0.816000 0.626000  250     0.816000    0.626000                0.0          0.000000        NaN            NaN
  10k  flickr          mean           AUD 0.784000 0.619000  250          NaN         NaN                NaN               NaN  -0.072000      -0.024800
  10k  flickr          mean     IMG_QUERY 0.724000 0.588600  250          NaN         NaN                NaN               NaN        NaN            NaN
  10k  flickr          mean           IQR 0.776000 0.612000  250          NaN         NaN                NaN               NaN        NaN            NaN
  10k  flickr          mean     OBJ_PRIOR 0.448000 0.466800  250          NaN         NaN                NaN               NaN        NaN            NaN
  10k  flickr          mean           OGL 0.856000 0.643800  250          NaN         NaN                NaN               NaN        NaN            NaN
  10k  flickr          mean EXTRA_IQR_OGL 0.832000 0.634600  250          NaN         NaN                NaN               NaN        NaN            NaN
  10k  flickr  hard_default           AUD 0.796000 0.625200  250          NaN         NaN                NaN               NaN  -0.072000      -0.022800
  10k  flickr  hard_default     IMG_QUERY 0.748000 0.603000  250          NaN         NaN                NaN               NaN        NaN            NaN
  10k  flickr  hard_default           IQR 0.792000 0.621200  250          NaN         NaN                NaN               NaN        NaN            NaN
  10k  flickr  hard_default     OBJ_PRIOR 0.448000 0.466800  250          NaN         NaN                NaN               NaN        NaN            NaN
  10k  flickr  hard_default           OGL 0.868000 0.648000  250          NaN         NaN                NaN               NaN        NaN            NaN
  10k  flickr  hard_default EXTRA_IQR_OGL 0.836000 0.643600  250          NaN         NaN                NaN               NaN        NaN            NaN
 144k   vggss      baseline           AUD 0.426910 0.422974 5158     0.426910    0.422955                0.0          0.000019  -0.030050      -0.017119
 144k   vggss      baseline     IMG_QUERY 0.406941 0.416615 5158     0.406941    0.416615                0.0          0.000000        NaN            NaN
 144k   vggss      baseline           IQR 0.423032 0.423420 5158     0.423032    0.423420                0.0          0.000000        NaN            NaN
 144k   vggss      baseline     OBJ_PRIOR 0.347809 0.392420 5158     0.347809    0.392420                0.0          0.000000        NaN            NaN
 144k   vggss      baseline           OGL 0.456960 0.440093 5158     0.456960    0.440103                0.0         -0.000010        NaN            NaN
 144k   vggss      baseline EXTRA_IQR_OGL 0.444746 0.434316 5158     0.444746    0.434325                0.0         -0.000010        NaN            NaN
 144k   vggss          mean           AUD 0.434277 0.429624 5158          NaN         NaN                NaN               NaN  -0.018030      -0.010430
 144k   vggss          mean     IMG_QUERY 0.387553 0.412224 5158          NaN         NaN                NaN               NaN        NaN            NaN
 144k   vggss          mean           IQR 0.420318 0.424758 5158          NaN         NaN                NaN               NaN        NaN            NaN
 144k   vggss          mean     OBJ_PRIOR 0.347809 0.392420 5158          NaN         NaN                NaN               NaN        NaN            NaN
 144k   vggss          mean           OGL 0.452307 0.440054 5158          NaN         NaN                NaN               NaN        NaN            NaN
 144k   vggss          mean EXTRA_IQR_OGL 0.444552 0.435207 5158          NaN         NaN                NaN               NaN        NaN            NaN
 144k   vggss  hard_default           AUD 0.427491 0.428325 5158          NaN         NaN                NaN               NaN  -0.019000      -0.010217
 144k   vggss  hard_default     IMG_QUERY 0.386196 0.411681 5158          NaN         NaN                NaN               NaN        NaN            NaN
 144k   vggss  hard_default           IQR 0.416440 0.423992 5158          NaN         NaN                NaN               NaN        NaN            NaN
 144k   vggss  hard_default     OBJ_PRIOR 0.347809 0.392420 5158          NaN         NaN                NaN               NaN        NaN            NaN
 144k   vggss  hard_default           OGL 0.446491 0.438542 5158          NaN         NaN                NaN               NaN        NaN            NaN
 144k   vggss  hard_default EXTRA_IQR_OGL 0.439511 0.434539 5158          NaN         NaN                NaN               NaN        NaN            NaN
 144k   vggss hard_adjusted           AUD 0.425359 0.427995 5158          NaN         NaN                NaN               NaN  -0.025010      -0.010712
 144k   vggss hard_adjusted     IMG_QUERY 0.388135 0.413116 5158          NaN         NaN                NaN               NaN        NaN            NaN
 144k   vggss hard_adjusted           IQR 0.421093 0.424302 5158          NaN         NaN                NaN               NaN        NaN            NaN
 144k   vggss hard_adjusted     OBJ_PRIOR 0.347809 0.392420 5158          NaN         NaN                NaN               NaN        NaN            NaN
 144k   vggss hard_adjusted           OGL 0.450368 0.438707 5158          NaN         NaN                NaN               NaN        NaN            NaN
 144k   vggss hard_adjusted EXTRA_IQR_OGL 0.438348 0.434451 5158          NaN         NaN                NaN               NaN        NaN            NaN
 144k  flickr      baseline           AUD 0.812000 0.635600  250     0.812000    0.635600                0.0          0.000000  -0.056000      -0.023600
 144k  flickr      baseline     IMG_QUERY 0.804000 0.616600  250     0.804000    0.616600                0.0          0.000000        NaN            NaN
 144k  flickr      baseline           IQR 0.804000 0.636600  250     0.804000    0.636600                0.0          0.000000        NaN            NaN
 144k  flickr      baseline     OBJ_PRIOR 0.448000 0.466800  250     0.448000    0.466800                0.0          0.000000        NaN            NaN
 144k  flickr      baseline           OGL 0.868000 0.659200  250     0.868000    0.659600                0.0         -0.000400        NaN            NaN
 144k  flickr      baseline EXTRA_IQR_OGL 0.844000 0.653400  250     0.844000    0.653400                0.0          0.000000        NaN            NaN
 144k  flickr          mean           AUD 0.896000 0.653200  250          NaN         NaN                NaN               NaN   0.008000       0.010200
 144k  flickr          mean     IMG_QUERY 0.824000 0.605400  250          NaN         NaN                NaN               NaN        NaN            NaN
 144k  flickr          mean           IQR 0.884000 0.641400  250          NaN         NaN                NaN               NaN        NaN            NaN
 144k  flickr          mean     OBJ_PRIOR 0.448000 0.466800  250          NaN         NaN                NaN               NaN        NaN            NaN
 144k  flickr          mean           OGL 0.888000 0.643000  250          NaN         NaN                NaN               NaN        NaN            NaN
 144k  flickr          mean EXTRA_IQR_OGL 0.908000 0.650600  250          NaN         NaN                NaN               NaN        NaN            NaN
 144k  flickr  hard_default           AUD 0.872000 0.643000  250          NaN         NaN                NaN               NaN  -0.008000      -0.002200
 144k  flickr  hard_default     IMG_QUERY 0.796000 0.597400  250          NaN         NaN                NaN               NaN        NaN            NaN
 144k  flickr  hard_default           IQR 0.852000 0.630400  250          NaN         NaN                NaN               NaN        NaN            NaN
 144k  flickr  hard_default     OBJ_PRIOR 0.448000 0.466800  250          NaN         NaN                NaN               NaN        NaN            NaN
 144k  flickr  hard_default           OGL 0.880000 0.645200  250          NaN         NaN                NaN               NaN        NaN            NaN
 144k  flickr  hard_default EXTRA_IQR_OGL 0.880000 0.648400  250          NaN         NaN                NaN               NaN        NaN            NaN
 144k  flickr hard_adjusted           AUD 0.848000 0.655800  250          NaN         NaN                NaN               NaN  -0.052000      -0.004000
 144k  flickr hard_adjusted     IMG_QUERY 0.836000 0.630800  250          NaN         NaN                NaN               NaN        NaN            NaN
 144k  flickr hard_adjusted           IQR 0.856000 0.650600  250          NaN         NaN                NaN               NaN        NaN            NaN
 144k  flickr hard_adjusted     OBJ_PRIOR 0.448000 0.466800  250          NaN         NaN                NaN               NaN        NaN            NaN
 144k  flickr hard_adjusted           OGL 0.900000 0.659800  250          NaN         NaN                NaN               NaN        NaN            NaN
 144k  flickr hard_adjusted EXTRA_IQR_OGL 0.876000 0.663800  250          NaN         NaN                NaN               NaN        NaN            NaN
